H C SANA: Static-independent method detectors.staticaccess.AssignStaticVariableTest.m1() accesses static variable detectors.staticaccess.AssignStaticVariableTest.x  At AssignStaticVariableTest.java:[line 12]