H C SANA: Static-independent method detectors.staticaccess.ReadStaticVariableTest.m1() accesses static variable detectors.staticaccess.ReadStaticVariableTest.x  At ReadStaticVariableTest.java:[line 12]